  PASS  deephive turn 0: street walls 145, floors 109, roofs 35: gap 109 (floors 74; n 153/104/3067)
  PASS  deephive turn 1: street walls 145, floors 101, roofs 35: gap 110 (floors 65; n 157/141/3110)
  PASS  deephive turn 2: street walls 143, floors 103, roofs 36: gap 107 (floors 67; n 114/118/2821)
  PASS  deephive turn 3: street walls 150, floors 127, roofs 36: gap 114 (floors 91; n 109/85/2803)
  PASS  farmland turn 0: street walls 145, floors 107, roofs 35: gap 110 (floors 72; n 153/104/3067)
  PASS  farmland turn 1: street walls 148, floors 105, roofs 35: gap 113 (floors 70; n 157/141/3110)
  PASS  farmland turn 2: street walls 144, floors 112, roofs 36: gap 108 (floors 77; n 114/118/2821)
  PASS  farmland turn 3: street walls 152, floors 124, roofs 36: gap 116 (floors 89; n 109/85/2803)
  PASS  industrial turn 0: street walls 142, floors 109, roofs 35: gap 107 (floors 74; n 153/104/3067)
  PASS  industrial turn 1: street walls 141, floors 105, roofs 35: gap 106 (floors 69; n 157/141/3110)
  PASS  industrial turn 2: street walls 140, floors 100, roofs 36: gap 104 (floors 64; n 114/118/2821)
  PASS  industrial turn 3: street walls 147, floors 128, roofs 36: gap 111 (floors 92; n 109/85/2803)
  PASS  megacity turn 0: street walls 140, floors 105, roofs 35: gap 105 (floors 70; n 153/104/3067)
  PASS  megacity turn 1: street walls 142, floors 92, roofs 35: gap 107 (floors 56; n 157/141/3110)
  PASS  megacity turn 2: street walls 137, floors 91, roofs 35: gap 101 (floors 56; n 114/118/2821)
  PASS  megacity turn 3: street walls 144, floors 119, roofs 36: gap 108 (floors 83; n 109/85/2803)
  PASS  necropolis turn 0: street walls 144, floors 110, roofs 35: gap 109 (floors 75; n 153/104/3067)
  PASS  necropolis turn 1: street walls 144, floors 100, roofs 35: gap 109 (floors 65; n 157/141/3110)
  PASS  necropolis turn 2: street walls 142, floors 105, roofs 36: gap 107 (floors 69; n 114/118/2821)
  PASS  necropolis turn 3: street walls 151, floors 130, roofs 36: gap 115 (floors 94; n 109/85/2803)
  PASS  orient turn 0: street walls 143, floors 111, roofs 35: gap 108 (floors 75; n 153/104/3067)
  PASS  orient turn 1: street walls 144, floors 99, roofs 35: gap 108 (floors 64; n 157/141/3110)
  PASS  orient turn 2: street walls 143, floors 99, roofs 35: gap 107 (floors 64; n 114/118/2821)
  PASS  orient turn 3: street walls 148, floors 128, roofs 35: gap 113 (floors 93; n 109/85/2803)
  PASS  orthodox turn 0: street walls 145, floors 111, roofs 35: gap 110 (floors 76; n 153/104/3067)
  PASS  orthodox turn 1: street walls 145, floors 107, roofs 36: gap 110 (floors 71; n 157/141/3110)
  PASS  orthodox turn 2: street walls 144, floors 117, roofs 35: gap 108 (floors 81; n 114/118/2821)
  PASS  orthodox turn 3: street walls 152, floors 131, roofs 36: gap 117 (floors 95; n 109/85/2803)
  PASS  suburb turn 0: street walls 150, floors 112, roofs 35: gap 115 (floors 77; n 153/104/3067)
  PASS  suburb turn 1: street walls 155, floors 120, roofs 35: gap 119 (floors 85; n 157/141/3110)
  PASS  suburb turn 2: street walls 153, floors 126, roofs 36: gap 117 (floors 90; n 114/118/2821)
  PASS  suburb turn 3: street walls 161, floors 135, roofs 36: gap 125 (floors 99; n 109/85/2803)
  PASS  terraces turn 0: street walls 145, floors 112, roofs 35: gap 110 (floors 77; n 153/104/3067)
  PASS  terraces turn 1: street walls 149, floors 100, roofs 35: gap 114 (floors 65; n 157/141/3110)
  PASS  terraces turn 2: street walls 145, floors 107, roofs 36: gap 110 (floors 71; n 114/118/2821)
  PASS  terraces turn 3: street walls 154, floors 134, roofs 36: gap 119 (floors 99; n 109/85/2803)
  PASS  wetland turn 0: street walls 141, floors 111, roofs 35: gap 106 (floors 76; n 153/104/3067)
  PASS  wetland turn 1: street walls 144, floors 106, roofs 35: gap 108 (floors 71; n 157/141/3110)
  PASS  wetland turn 2: street walls 139, floors 112, roofs 36: gap 104 (floors 76; n 114/118/2821)
  PASS  wetland turn 3: street walls 148, floors 131, roofs 36: gap 112 (floors 95; n 109/85/2803)
all passed
