  FAIL  deephive turn 0: street walls 48, floors 87, roofs 35: gap 13 (floors 52; n 153/104/3067)
  FAIL  deephive turn 1: street walls 66, floors 84, roofs 35: gap 31 (floors 48; n 157/141/3110)
  FAIL  deephive turn 2: street walls 57, floors 90, roofs 35: gap 22 (floors 54; n 114/118/2821)
  FAIL  deephive turn 3: street walls 54, floors 99, roofs 36: gap 19 (floors 63; n 109/85/2803)
  FAIL  farmland turn 0: street walls 58, floors 84, roofs 35: gap 23 (floors 49; n 153/104/3067)
  FAIL  farmland turn 1: street walls 73, floors 87, roofs 36: gap 37 (floors 51; n 157/141/3110)
  FAIL  farmland turn 2: street walls 55, floors 86, roofs 36: gap 19 (floors 51; n 114/118/2821)
  FAIL  farmland turn 3: street walls 64, floors 92, roofs 35: gap 29 (floors 57; n 109/85/2803)
  FAIL  industrial turn 0: street walls 43, floors 87, roofs 35: gap 8 (floors 52; n 153/104/3067)
  FAIL  industrial turn 1: street walls 52, floors 82, roofs 36: gap 16 (floors 47; n 157/141/3110)
  FAIL  industrial turn 2: street walls 46, floors 80, roofs 35: gap 10 (floors 45; n 114/118/2821)
  FAIL  industrial turn 3: street walls 51, floors 99, roofs 35: gap 16 (floors 64; n 109/85/2803)
  FAIL  megacity turn 0: street walls 32, floors 79, roofs 35: gap 3 (floors 44; n 153/104/3067)
  FAIL  megacity turn 1: street walls 41, floors 71, roofs 35: gap 6 (floors 36; n 157/141/3110)
  FAIL  megacity turn 2: street walls 33, floors 71, roofs 36: gap 2 (floors 36; n 114/118/2821)
  FAIL  megacity turn 3: street walls 41, floors 86, roofs 36: gap 5 (floors 50; n 109/85/2803)
  FAIL  necropolis turn 0: street walls 48, floors 90, roofs 35: gap 13 (floors 55; n 153/104/3067)
  FAIL  necropolis turn 1: street walls 62, floors 87, roofs 36: gap 27 (floors 51; n 157/141/3110)
  FAIL  necropolis turn 2: street walls 53, floors 86, roofs 35: gap 18 (floors 51; n 114/118/2821)
  FAIL  necropolis turn 3: street walls 59, floors 103, roofs 35: gap 23 (floors 68; n 109/85/2803)
  FAIL  orient turn 0: street walls 49, floors 90, roofs 35: gap 14 (floors 55; n 153/104/3067)
  FAIL  orient turn 1: street walls 60, floors 83, roofs 35: gap 24 (floors 48; n 157/141/3110)
  FAIL  orient turn 2: street walls 50, floors 86, roofs 35: gap 15 (floors 51; n 114/118/2821)
  FAIL  orient turn 3: street walls 56, floors 106, roofs 35: gap 20 (floors 71; n 109/85/2803)
  FAIL  orthodox turn 0: street walls 54, floors 91, roofs 35: gap 19 (floors 56; n 153/104/3067)
  FAIL  orthodox turn 1: street walls 70, floors 92, roofs 36: gap 34 (floors 57; n 157/141/3110)
  FAIL  orthodox turn 2: street walls 60, floors 98, roofs 35: gap 25 (floors 63; n 114/118/2821)
  FAIL  orthodox turn 3: street walls 72, floors 108, roofs 35: gap 37 (floors 72; n 109/85/2803)
  FAIL  suburb turn 0: street walls 78, floors 99, roofs 35: gap 42 (floors 64; n 153/104/3067)
  PASS  suburb turn 1: street walls 96, floors 106, roofs 35: gap 61 (floors 71; n 157/141/3110)
  FAIL  suburb turn 2: street walls 93, floors 110, roofs 35: gap 58 (floors 74; n 114/118/2821)
  PASS  suburb turn 3: street walls 107, floors 118, roofs 35: gap 72 (floors 83; n 109/85/2803)
  FAIL  terraces turn 0: street walls 59, floors 98, roofs 35: gap 24 (floors 63; n 153/104/3067)
  FAIL  terraces turn 1: street walls 80, floors 91, roofs 35: gap 45 (floors 55; n 157/141/3110)
  FAIL  terraces turn 2: street walls 68, floors 94, roofs 35: gap 33 (floors 59; n 114/118/2821)
  FAIL  terraces turn 3: street walls 70, floors 116, roofs 36: gap 34 (floors 80; n 109/85/2803)
  FAIL  wetland turn 0: street walls 43, floors 93, roofs 35: gap 8 (floors 58; n 153/104/3067)
  FAIL  wetland turn 1: street walls 57, floors 89, roofs 35: gap 22 (floors 54; n 157/141/3110)
  FAIL  wetland turn 2: street walls 50, floors 95, roofs 35: gap 14 (floors 60; n 114/118/2821)
  FAIL  wetland turn 3: street walls 55, floors 113, roofs 35: gap 19 (floors 78; n 109/85/2803)
38 FAILED
